Server [localhost]:
Database [postgres]:
Port [5432]:
Username [postgres]:
Senha para usuário postgres:
psql (16.1)
AVISO: página de código do Console (850) difere da página de código do Windows (1252)
         caracteres de 8 bits podem não funcionar corretamente. Veja página de
         referência do psql "Notes for Windows users" para obter detalhes.
Digite "help" para ajuda.

postgres=# /l
postgres-# \l
                                                                Lista dos bancos de dados
   Nome    |   Dono   | CodificaþÒo | Locale Provider |        Collate         |         Ctype          | ICU Locale | ICU Rules | PrivilÚgios de acesso
-----------+----------+-------------+-----------------+------------------------+------------------------+------------+-----------+-----------------------
 postgres  | postgres | UTF8        | libc            | Portuguese_Brazil.1252 | Portuguese_Brazil.1252 |            |           |
 template0 | postgres | UTF8        | libc            | Portuguese_Brazil.1252 | Portuguese_Brazil.1252 |            |           | =c/postgres          +
           |          |             |                 |                        |                        |            |           | postgres=CTc/postgres
 template1 | postgres | UTF8        | libc            | Portuguese_Brazil.1252 | Portuguese_Brazil.1252 |            |           | =c/postgres          +
           |          |             |                 |                        |                        |            |           | postgres=CTc/postgres
(3 registros)


postgres-# .\c<Banco zika>
invalid command \c<Banco
Try \? for help.
postgres-# create database Banco_zika
postgres-# create database Banco_zika;
ERRO:  erro de sintaxe em ou próximo a "/"
LINHA 1: /l
         ^
postgres=# create database Banco_zika;
CREATE DATABASE
postgres=# \l
                                                                Lista dos bancos de dados
    Nome    |   Dono   | CodificaþÒo | Locale Provider |        Collate         |         Ctype          | ICU Locale | ICU Rules | PrivilÚgios de acesso
------------+----------+-------------+-----------------+------------------------+------------------------+------------+-----------+-----------------------
 banco_zika | postgres | UTF8        | libc            | Portuguese_Brazil.1252 | Portuguese_Brazil.1252 |            |           |
 postgres   | postgres | UTF8        | libc            | Portuguese_Brazil.1252 | Portuguese_Brazil.1252 |            |           |
 template0  | postgres | UTF8        | libc            | Portuguese_Brazil.1252 | Portuguese_Brazil.1252 |            |           | =c/postgres          +
            |          |             |                 |                        |                        |            |           | postgres=CTc/postgres
 template1  | postgres | UTF8        | libc            | Portuguese_Brazil.1252 | Portuguese_Brazil.1252 |            |           | =c/postgres          +
            |          |             |                 |                        |                        |            |           | postgres=CTc/postgres
(4 registros)


postgres=# \c Banco_zika;
connection to server at "localhost" (::1), port 5432 failed: FATAL:  banco de dados "Banco_zika" não existe
Previous connection kept
postgres=# \c banco_zika;
Você está conectado agora ao banco de dados "banco_zika" como usuário "postgres".
banco_zika=# create table Usuarios(id interger,nome text,Cpf varchar);
ERRO:  tipo "interger" não existe
LINHA 1: create table Usuarios(id interger,nome text,Cpf varchar);
                                  ^
banco_zika=# create table Usuarios(id integer,nome text,Cpf varchar);
CREATE TABLE
banco_zika=# select table from Usuario;
ERRO:  erro de sintaxe em ou próximo a "table"
LINHA 1: select table from Usuario;
                ^
banco_zika=# create table Usuarios(id integer,nome text,Cpf varchar);
ERRO:  relação "usuarios" já existe
banco_zika=# create table Cliente(cliente text,Endereco varchar);
CREATE TABLE
banco_zika=# create table Conta(Numero da conta varchar,Nome_agencia varchar,saldo interger);
ERRO:  erro de sintaxe em ou próximo a "conta"
LINHA 1: create table Conta(Numero da conta varchar,Nome_agencia varc...
                                      ^
banco_zika=# create table Conta(Numero_da_conta varchar,Nome_agencia varchar,saldo interger);
ERRO:  tipo "interger" não existe
LINHA 1: ...umero_da_conta varchar,Nome_agencia varchar,saldo interger);
                                                              ^
banco_zika=# create table Conta(Numero_da_conta varchar,Nome_agencia varchar,saldo interger);
ERRO:  tipo "interger" não existe
LINHA 1: ...umero_da_conta varchar,Nome_agencia varchar,saldo interger);
                                                              ^
banco_zika=# create table Conta(Numero_da_conta varchar,Nome_agencia varchar,saldo integer);
CREATE TABLE
banco_zika=# create table (Numero_emprestimo integer,nome_agencia varchar,valor iteger);
ERRO:  erro de sintaxe em ou próximo a "("
LINHA 1: create table (Numero_emprestimo integer,nome_agencia varchar...
                      ^
banco_zika=# create table(Numero_emprestimo integer,nome_agencia varchar,valor iteger);
ERRO:  erro de sintaxe em ou próximo a "("
LINHA 1: create table(Numero_emprestimo integer,nome_agencia varchar,...
                     ^
banco_zika=# create table(Numero_emprestimo integer,nome_agencia varchar,valor integer);
ERRO:  erro de sintaxe em ou próximo a "("
LINHA 1: create table(Numero_emprestimo integer,nome_agencia varchar,...
                     ^
banco_zika=# create table (Numero_emprestimo integer,nome_agencia varchar,valor integer);
ERRO:  erro de sintaxe em ou próximo a "("
LINHA 1: create table (Numero_emprestimo integer,nome_agencia varchar...
                      ^
banco_zika=# create table (numero_emprestimo integer,nome_agencia varchar,valor integer);
ERRO:  erro de sintaxe em ou próximo a "("
LINHA 1: create table (numero_emprestimo integer,nome_agencia varchar...
                      ^
banco_zika=# create table (numero_emprestimo integer,nome_agencia varchar,valor integer);
ERRO:  erro de sintaxe em ou próximo a "("
LINHA 1: create table (numero_emprestimo integer,nome_agencia varchar...
                      ^
banco_zika=# create table (numero_emprestimo integer,nomes_agencia varchar,valor integer);
ERRO:  erro de sintaxe em ou próximo a "("
LINHA 1: create table (numero_emprestimo integer,nomes_agencia varcha...
                      ^
banco_zika=# create table(numero_emprestimo integer,nomes_agencia varchar,valor integer);
ERRO:  erro de sintaxe em ou próximo a "("
LINHA 1: create table(numero_emprestimo integer,nomes_agencia varchar...
                     ^
banco_zika=# create table Numero_emprestimo(nomes_agencia varchar,valor integer);
CREATE TABLE
banco_zika=# create table Nome_agencia(cidade_agencia text,depositos iteger);
ERRO:  tipo "iteger" não existe
LINHA 1: ...te table Nome_agencia(cidade_agencia text,depositos iteger);
                                                                ^
banco_zika=# create table Nome_agencia(cidade_agencia text,depositos integer);
CREATE TABLE
banco_zika=# \q
Deseja finalizar o arquivo em lotes (S/N)?